------------------------------------------------------------
Timing Analyzer Summary
------------------------------------------------------------

Type  : Slow 1200mV 85C Model Setup 'CLK'
Slack : -2.870
TNS   : -107.119

Type  : Slow 1200mV 85C Model Hold 'CLK'
Slack : 0.331
TNS   : 0.000

Type  : Slow 1200mV 85C Model Recovery 'CLK'
Slack : 6.550
TNS   : 0.000

Type  : Slow 1200mV 85C Model Removal 'CLK'
Slack : 2.328
TNS   : 0.000

Type  : Slow 1200mV 85C Model Minimum Pulse Width 'CLK'
Slack : 4.573
TNS   : 0.000

Type  : Slow 1200mV 0C Model Setup 'CLK'
Slack : -1.811
TNS   : -63.343

Type  : Slow 1200mV 0C Model Hold 'CLK'
Slack : 0.300
TNS   : 0.000

Type  : Slow 1200mV 0C Model Recovery 'CLK'
Slack : 6.762
TNS   : 0.000

Type  : Slow 1200mV 0C Model Removal 'CLK'
Slack : 2.238
TNS   : 0.000

Type  : Slow 1200mV 0C Model Minimum Pulse Width 'CLK'
Slack : 4.586
TNS   : 0.000

Type  : Fast 1200mV 0C Model Setup 'CLK'
Slack : 2.887
TNS   : 0.000

Type  : Fast 1200mV 0C Model Hold 'CLK'
Slack : 0.152
TNS   : 0.000

Type  : Fast 1200mV 0C Model Recovery 'CLK'
Slack : 7.500
TNS   : 0.000

Type  : Fast 1200mV 0C Model Removal 'CLK'
Slack : 1.507
TNS   : 0.000

Type  : Fast 1200mV 0C Model Minimum Pulse Width 'CLK'
Slack : 4.329
TNS   : 0.000

------------------------------------------------------------
